
> toasted-media@0.1.0 build
> next build

Γû▓ Next.js 16.1.6 (Turbopack)
- Environments: .env.local
- Experiments (use with caution):
  ┬╖ clientTraceMetadata

  Creating an optimized production build ...

> Build error occurred
Error: Turbopack build failed with 1 errors:
./app/studio/[[...tool]]/page.tsx:7:1
Module not found: Can't resolve '../../../../sanity.config'
   5 |  */
   6 | import { NextStudio } from 'next-sanity/studio'
>  7 | import config from '../../../../sanity.config'
     | ^^^^^^^^^^^^^^^^^^^^^^^^^^^^^^^^^^^^^^^^^^^^^^
   8 |
   9 | export const dynamic = 'force-static'
  10 |



https://nextjs.org/docs/messages/module-not-found


    at <unknown> (./app/studio/[[...tool]]/page.tsx:7:1)
    at <unknown> (https://nextjs.org/docs/messages/module-not-found)
