
> toasted-media@0.1.0 build
> next build

Γû▓ Next.js 16.1.6 (Turbopack)
- Environments: .env.local
- Experiments (use with caution):
  ┬╖ clientTraceMetadata

  Creating an optimized production build ...
Γ£ô Compiled successfully in 68s
  Running next.config.js provided runAfterProductionCompile ...
[@sentry/nextjs - After Production Compile] Info: Sending telemetry data on issues and performance to Sentry. To disable telemetry, set `options.telemetry` to `false`.
> Found 90 files
> Analyzing 90 sources
> Rewriting sources
> Analyzing completed in 0.088s
> Rewriting completed in 1.967s
> Adding source map references
> Bundled 90 files for upload
> Bundle ID: 3ccb83d1-5924-5d9b-baa9-640849ca27f9
> Bundling completed in 5.206s
> Optimizing completed in 0.13s
> Nothing to upload, all files are on the server
> File processing complete
> Organization: toasted-media
> Projects: javascript-nextjs
> Release: e262e50b075b090c74334e5afabf0ed34398918c
> Dist: None
> Upload type: artifact bundle
> Processing completed in 0.614s

Source Map Upload Report
  Scripts
    ~/06c94798d83d1bd5.js (sourcemap at fa23a5339acf62f4.js.map, debug id bc4aa4ce-12c2-bf46-925b-3f312c608a31)
    ~/1b67f6df1d44f78b.js (sourcemap at 54a203a557bf29b8.js.map, debug id b31652f0-393f-8a8c-85c5-4c5a3fa7dd1c)
    ~/251f5d74451abb9d.js (sourcemap at 1c67b254844a20f0.js.map, debug id ed3ee66c-e8b7-e38a-8006-12d85470b3a7)
    ~/275d9bc46229d90a.js (sourcemap at 69c6b1be2ec5afc8.js.map, debug id 31f4b0a0-a64f-a015-5f9f-cb6000d018d5)
    ~/2cbd1246dcfcf50c.js (sourcemap at 1af85ef3737e2168.js.map, debug id e087fd11-8ea9-75ef-8cfb-2cafdc097b5a)
    ~/2d249cb9bc10604b.js (sourcemap at 781d57ba5e1dbd4f.js.map, debug id 9afd1e80-c7e8-2812-1fea-9885473dd908)
    ~/404ea48ff9a1855f.js (sourcemap at 5744c73c76a5a7ba.js.map, debug id 46102c5c-cfba-ecea-2f28-9a1d6c7a124d)
    ~/422ef9eaa5a24b23.js (sourcemap at bf047f79d0fde6d8.js.map, debug id 4b1ad3d1-0f37-f577-619e-d8526e211d21)
    ~/428d94d210ac8c0c.js (sourcemap at 82ed3cababe20a71.js.map, debug id a09f3ea8-b563-719f-41b4-432286e6f09b)
    ~/438efa3a8ff50703.js (sourcemap at 9b7ef408aa5bc6e1.js.map, debug id 137f8a19-8f1a-b33f-db8f-7396c580564a)
    ~/4dad5155e553292e.js (sourcemap at e0fca3bc00395b50.js.map, debug id 6c01ffaa-e5d0-fe04-32e8-69be79818156)
    ~/5644431804e82abc.js (sourcemap at ad5887302a6f201b.js.map, debug id ecb33c12-bf94-34d2-7f09-6370ed0c3931)
    ~/590c0e1aac0587b1.js (sourcemap at 7e1024e882741216.js.map, debug id 8ed688f4-239c-7f88-f4c6-78ab25d7f411)
    ~/5c7df8d108a33c2c.js (sourcemap at 35af0854b6e08293.js.map, debug id ae4c1312-7b9a-240e-c99a-2bd88a022ea6)
    ~/5f290ab70319e899.js (sourcemap at 2804fdc5fbd96363.js.map, debug id 92045102-bdf9-7b7f-a369-c94f3acdefc3)
    ~/64902c8a25c5b145.js (sourcemap at 75df5dfe6b9ceb26.js.map, debug id dd730066-34d8-7028-e040-80d566c4d1ed)
    ~/6cf961a4c13d889f.js (sourcemap at 2c4bbbf52ff30ba7.js.map, debug id 2ef93410-71d9-81b0-1f31-94cf046a09ce)
    ~/8670ed4521700cd7.js (sourcemap at 5a11991577440a63.js.map, debug id 7a3f5675-90f5-ca19-b643-096bd5d361f3)
    ~/97102c330a00aca0.js (sourcemap at 462f44061e3181cf.js.map, debug id 02c8bf0d-6aef-9ab3-f5d0-3d4f9b0420d0)
    ~/98ee7fbc05358088.js (sourcemap at d0d65def154539ac.js.map, debug id 943bd245-4c5a-c39f-1d75-6577556228c6)
    ~/a2e34cdf9661ba3c.js (sourcemap at bf28b5adc8169d44.js.map, debug id 84575681-a2fb-a615-89d8-e5fa5be01489)
    ~/a6dad97d9634a72d.js (sourcemap at a6dad97d9634a72d.js.map)
    ~/a789836103865c4f.js (sourcemap at befb56125ac25803.js.map, debug id e455305f-2ea8-c72c-4ab3-7566c18a3fc4)
    ~/aa7af407015dfe5d.js (sourcemap at 045253656ef7f344.js.map, debug id fad945d2-e177-37f0-1999-ed69c654be50)
    ~/b06fae36c50cb230.js (sourcemap at 2a2482ad6d95d4e7.js.map, debug id 898b39e9-ec95-3af7-7a43-d6bf76aaad5a)
    ~/b090ef20f1b9812e.js (sourcemap at e862b1aa7b6c957b.js.map, debug id 3545a002-1c01-62bb-7d71-920236103adf)
    ~/b522105ee7f22f89.js (sourcemap at 16d90c2da12d69e8.js.map, debug id 3ca62c70-d3c6-a7d9-005c-d8f8ec128a53)
    ~/b59340e5e042fb68.js (sourcemap at 4936a2ed41065cb4.js.map, debug id 8aa8719a-25d1-23e1-e1ce-19de2d0ea932)
    ~/bfa35a66d15239b0.js (sourcemap at cf5a49360726b528.js.map, debug id 2035d88d-f2a4-5db0-7c4d-55ec21f75bcd)
    ~/c632d51bc7660566.js (sourcemap at e3e96797e9b5458f.js.map, debug id 11eac974-e62a-334b-2609-d0a67f964d95)
    ~/cc06320c77f267af.js (sourcemap at 7349c8f80214c6e1.js.map, debug id b8eaa85f-fcae-0d2e-4a21-28bf31044ad9)
    ~/d3edce7248df28d2.js (sourcemap at e7c81f470bdfffeb.js.map, debug id 63945e45-614e-9055-29b8-294148f391e8)
    ~/d47b5a1656f4f8d8.js (sourcemap at 23f79558b5750c01.js.map, debug id 1ccdaf27-cf73-2d24-696e-29006fa6983d)
    ~/d4ce53fa1abe6799.js (sourcemap at 1c3498f309f3e97b.js.map, debug id 50086564-d873-fef2-ffd8-0a0b7e3827fe)
    ~/d4f4387507305ac0.js (sourcemap at a562a16f4c7f6357.js.map, debug id 0459147c-8fa9-b952-db9c-4f8a32053b31)
    ~/dcbcae3a070c9a15.js (sourcemap at 6986524db742715e.js.map, debug id e7ebfc65-2313-012d-e7a9-51d0fe4d7aa2)
    ~/df2bbd4cb2575fad.js (sourcemap at 300c226f189d55b0.js.map, debug id aed6352e-efdb-4ff3-ff30-61da76461ceb)
    ~/e5c7ec0c73e4379e.js (sourcemap at 46eef9fbe3edc195.js.map, debug id 2e6c4422-41a3-f96c-3191-ba45e30db55e)
    ~/e6bb5d99fb1a3289.js (sourcemap at 70e476fc597297f5.js.map, debug id 529f2b97-9ac1-c156-0855-fd12c355cf1e)
    ~/e858dcbf8beb18de.js (sourcemap at 908ff3d1214c66db.js.map, debug id 89253374-680e-a0b0-a4ff-c916e80f5ed1)
    ~/f8c2b759d87a5d3d.js (sourcemap at aa49594e50230a7b.js.map, debug id 7f5b3677-098e-0838-75de-be4ad121c4b0)
    ~/fc790b3c04e0b5f6.js (sourcemap at 0bb391bf3c7cd0e9.js.map, debug id a60114c6-b564-a123-05fa-c02a86724058)
    ~/fd2f2a3de071428f.js (sourcemap at d798c884f553d250.js.map, debug id a0a0b3f9-3c77-ffcb-7d5a-35466196d77b)
    ~/turbopack-056c055057ceddd5.js (sourcemap at abdcb5f3febd3b16.js.map, debug id 264b76ef-a269-82d2-25b2-614b651bb2f6)
  Source Maps
    ~/045253656ef7f344.js.map (debug id fad945d2-e177-37f0-1999-ed69c654be50)
    ~/0bb391bf3c7cd0e9.js.map (debug id a60114c6-b564-a123-05fa-c02a86724058)
    ~/16d90c2da12d69e8.js.map (debug id 3ca62c70-d3c6-a7d9-005c-d8f8ec128a53)
    ~/1af85ef3737e2168.js.map (debug id e087fd11-8ea9-75ef-8cfb-2cafdc097b5a)
    ~/1c3498f309f3e97b.js.map (debug id 50086564-d873-fef2-ffd8-0a0b7e3827fe)
    ~/1c67b254844a20f0.js.map (debug id ed3ee66c-e8b7-e38a-8006-12d85470b3a7)
    ~/23f79558b5750c01.js.map (debug id 1ccdaf27-cf73-2d24-696e-29006fa6983d)
    ~/2804fdc5fbd96363.js.map (debug id 92045102-bdf9-7b7f-a369-c94f3acdefc3)
    ~/2a2482ad6d95d4e7.js.map (debug id 898b39e9-ec95-3af7-7a43-d6bf76aaad5a)
    ~/2c4bbbf52ff30ba7.js.map (debug id 2ef93410-71d9-81b0-1f31-94cf046a09ce)
    ~/300c226f189d55b0.js.map (debug id aed6352e-efdb-4ff3-ff30-61da76461ceb)
    ~/35af0854b6e08293.js.map (debug id ae4c1312-7b9a-240e-c99a-2bd88a022ea6)
    ~/3dbd884ffabfc31c.css.map
    ~/462f44061e3181cf.js.map (debug id 02c8bf0d-6aef-9ab3-f5d0-3d4f9b0420d0)
    ~/46eef9fbe3edc195.js.map (debug id 2e6c4422-41a3-f96c-3191-ba45e30db55e)
    ~/4936a2ed41065cb4.js.map (debug id 8aa8719a-25d1-23e1-e1ce-19de2d0ea932)
    ~/54a203a557bf29b8.js.map (debug id b31652f0-393f-8a8c-85c5-4c5a3fa7dd1c)
    ~/5744c73c76a5a7ba.js.map (debug id 46102c5c-cfba-ecea-2f28-9a1d6c7a124d)
    ~/5a11991577440a63.js.map (debug id 7a3f5675-90f5-ca19-b643-096bd5d361f3)
    ~/6986524db742715e.js.map (debug id e7ebfc65-2313-012d-e7a9-51d0fe4d7aa2)
    ~/69c6b1be2ec5afc8.js.map (debug id 31f4b0a0-a64f-a015-5f9f-cb6000d018d5)
    ~/70e476fc597297f5.js.map (debug id 529f2b97-9ac1-c156-0855-fd12c355cf1e)
    ~/7349c8f80214c6e1.js.map (debug id b8eaa85f-fcae-0d2e-4a21-28bf31044ad9)
    ~/75df5dfe6b9ceb26.js.map (debug id dd730066-34d8-7028-e040-80d566c4d1ed)
    ~/781d57ba5e1dbd4f.js.map (debug id 9afd1e80-c7e8-2812-1fea-9885473dd908)
    ~/7e1024e882741216.js.map (debug id 8ed688f4-239c-7f88-f4c6-78ab25d7f411)
    ~/7eb9a4fc871bb91c.css.map
    ~/82ed3cababe20a71.js.map (debug id a09f3ea8-b563-719f-41b4-432286e6f09b)
    ~/908ff3d1214c66db.js.map (debug id 89253374-680e-a0b0-a4ff-c916e80f5ed1)
    ~/9b7ef408aa5bc6e1.js.map (debug id 137f8a19-8f1a-b33f-db8f-7396c580564a)
    ~/a562a16f4c7f6357.js.map (debug id 0459147c-8fa9-b952-db9c-4f8a32053b31)
    ~/a6dad97d9634a72d.js.map
    ~/aa49594e50230a7b.js.map (debug id 7f5b3677-098e-0838-75de-be4ad121c4b0)
    ~/abdcb5f3febd3b16.js.map (debug id 264b76ef-a269-82d2-25b2-614b651bb2f6)
    ~/ad5887302a6f201b.js.map (debug id ecb33c12-bf94-34d2-7f09-6370ed0c3931)
    ~/befb56125ac25803.js.map (debug id e455305f-2ea8-c72c-4ab3-7566c18a3fc4)
    ~/bf047f79d0fde6d8.js.map (debug id 4b1ad3d1-0f37-f577-619e-d8526e211d21)
    ~/bf28b5adc8169d44.js.map (debug id 84575681-a2fb-a615-89d8-e5fa5be01489)
    ~/cf5a49360726b528.js.map (debug id 2035d88d-f2a4-5db0-7c4d-55ec21f75bcd)
    ~/d0d65def154539ac.js.map (debug id 943bd245-4c5a-c39f-1d75-6577556228c6)
    ~/d798c884f553d250.js.map (debug id a0a0b3f9-3c77-ffcb-7d5a-35466196d77b)
    ~/e0fca3bc00395b50.js.map (debug id 6c01ffaa-e5d0-fe04-32e8-69be79818156)
    ~/e3e96797e9b5458f.js.map (debug id 11eac974-e62a-334b-2609-d0a67f964d95)
    ~/e7c81f470bdfffeb.js.map (debug id 63945e45-614e-9055-29b8-294148f391e8)
    ~/e862b1aa7b6c957b.js.map (debug id 3545a002-1c01-62bb-7d71-920236103adf)
    ~/fa23a5339acf62f4.js.map (debug id bc4aa4ce-12c2-bf46-925b-3f312c608a31)
> Found 310 files
> Analyzing 310 sources
> Analyzing completed in 0.27s
> Rewriting sources
> Rewriting completed in 4.623s
> Adding source map references
> Bundled 310 files for upload
> Bundle ID: c1a8234d-09ad-541e-b3d9-498085f62773
> Bundling completed in 14.642s
> Optimizing completed in 0.441s
> Nothing to upload, all files are on the server
> File processing complete
> Organization: toasted-media
> Projects: javascript-nextjs
> Release: e262e50b075b090c74334e5afabf0ed34398918c
> Dist: None
> Upload type: artifact bundle
> Processing completed in 0.713s

Source Map Upload Report
  Scripts
    ~/app/_global-error/page.js (sourcemap at page.js.map)
    ~/app/_not-found/page.js (sourcemap at page.js.map)
    ~/app/api/contact/route.js (sourcemap at route.js.map)
    ~/app/blog/[slug]/page.js (sourcemap at page.js.map)
    ~/app/blog/page.js (sourcemap at page.js.map)
    ~/app/contact/page.js (sourcemap at page.js.map)
    ~/app/page.js (sourcemap at page.js.map)
    ~/app/portfolio/[slug]/page.js (sourcemap at page.js.map)
    ~/app/portfolio/page.js (sourcemap at page.js.map)
    ~/app/robots.txt/route.js (sourcemap at route.js.map)
    ~/app/services/[slug]/page.js (sourcemap at page.js.map)
    ~/app/sitemap.xml/route.js (sourcemap at route.js.map)
    ~/app/studio/[[...tool]]/page.js (sourcemap at page.js.map)
    ~/chunks/0bf35_build_esm_detectors_platform_node_machine-id_getMachineId-linux_716f33e7.js (sourcemap at 0bf35_build_esm_detectors_platform_node_machine-id_getMachineId-linux_716f33e7.js.map, debug id 671d503a-fd92-4071-ff84-4cecad9cbfa2)
    ~/chunks/0bf35_build_esm_detectors_platform_node_machine-id_getMachineId-unsupported_c71858a5.js (sourcemap at 0bf35_build_esm_detectors_platform_node_machine-id_getMachineId-unsupported_c71858a5.js.map, debug id 8a921b40-388b-2847-c890-1bb0bb995654)
    ~/chunks/[externals]__f1861de7._.js (sourcemap at %5Bexternals%5D__f1861de7._.js.map, debug id 2b6afe09-5f78-bd7c-9e36-e3abd0059792)
    ~/chunks/[root-of-the-server]__6863e0a8._.js (sourcemap at %5Broot-of-the-server%5D__6863e0a8._.js.map, debug id 402618bb-156e-cd78-0051-a2216f3dc214)
    ~/chunks/[root-of-the-server]__71e0e3b9._.js (sourcemap at %5Broot-of-the-server%5D__71e0e3b9._.js.map, debug id 952408f4-23cf-9adf-20cb-c5bb93f25607)
    ~/chunks/[root-of-the-server]__a95ca77d._.js (sourcemap at %5Broot-of-the-server%5D__a95ca77d._.js.map, debug id ca3c9110-fe1a-e401-e701-4e4da1af2a76)
    ~/chunks/[root-of-the-server]__bc0a3939._.js (sourcemap at %5Broot-of-the-server%5D__bc0a3939._.js.map, debug id ba1b489c-9533-33c1-379d-3e1a9f1a9f90)
    ~/chunks/[root-of-the-server]__d39ddd72._.js (sourcemap at %5Broot-of-the-server%5D__d39ddd72._.js.map, debug id 57acb121-a697-c133-0850-abe2af6526c5)
    ~/chunks/[turbopack]_runtime.js (sourcemap at %5Bturbopack%5D_runtime.js.map)
    ~/chunks/_next-internal_server_app_api_contact_route_actions_0bce5875.js (sourcemap at _next-internal_server_app_api_contact_route_actions_0bce5875.js.map, debug id 0c6eddbc-24a7-e725-7896-2217865bbcf3)
    ~/chunks/_next-internal_server_app_robots_txt_route_actions_9118e90f.js (sourcemap at _next-internal_server_app_robots_txt_route_actions_9118e90f.js.map, debug id 51931146-9fb3-cd98-e540-15c252cb6341)
    ~/chunks/_next-internal_server_app_sitemap_xml_route_actions_12658ace.js (sourcemap at _next-internal_server_app_sitemap_xml_route_actions_12658ace.js.map, debug id 5dd89965-00d8-7136-d953-7babf28b444b)
    ~/chunks/a9bf9_@opentelemetry_resources_build_esm_detectors_platform_node_machine-id_08771b3b._.js (sourcemap at a9bf9_%40opentelemetry_resources_build_esm_detectors_platform_node_machine-id_08771b3b._.js.map, debug id 8ad50a16-353d-2581-262b-587728b8fdac)
    ~/chunks/a9bf9_@opentelemetry_resources_build_esm_detectors_platform_node_machine-id_97a49b9d._.js (sourcemap at a9bf9_%40opentelemetry_resources_build_esm_detectors_platform_node_machine-id_97a49b9d._.js.map, debug id e83a5b16-0a82-4089-6c68-9b6fda34d58b)
    ~/chunks/a9bf9_@opentelemetry_resources_build_esm_detectors_platform_node_machine-id_af02c639._.js (sourcemap at a9bf9_%40opentelemetry_resources_build_esm_detectors_platform_node_machine-id_af02c639._.js.map, debug id 7265098a-671c-5289-46be-ff8d965bbe66)
    ~/chunks/node_modules_a2090ff5._.js (sourcemap at node_modules_a2090ff5._.js.map, debug id 79d9ed29-c0d6-9ed2-2354-aaad39d70a29)
    ~/chunks/sentry_server_config_ts_8712b202._.js (sourcemap at sentry_server_config_ts_8712b202._.js.map, debug id aadab837-b6b4-cab4-b7a5-014652c4c2b6)
    ~/chunks/ssr/0bf35_build_esm_detectors_platform_node_machine-id_getMachineId-linux_4784470b.js (sourcemap at 0bf35_build_esm_detectors_platform_node_machine-id_getMachineId-linux_4784470b.js.map, debug id 8a434f0b-6376-3615-0e18-5a4830f3e7b7)
    ~/chunks/ssr/0bf35_build_esm_detectors_platform_node_machine-id_getMachineId-unsupported_715e656b.js (sourcemap at 0bf35_build_esm_detectors_platform_node_machine-id_getMachineId-unsupported_715e656b.js.map, debug id 6c29bf3f-d8be-2af0-e500-d4c470873809)
    ~/chunks/ssr/8d667_@sanity_ui_dist__chunks-es_refractor_mjs_1416ce6a._.js (sourcemap at 8d667_%40sanity_ui_dist__chunks-es_refractor_mjs_1416ce6a._.js.map, debug id b3f221ce-ae0f-c2a6-5ec5-7999e526e8ca)
    ~/chunks/ssr/8d667_@sanity_ui_dist__chunks-es_refractor_mjs_7d8504da._.js (sourcemap at 8d667_%40sanity_ui_dist__chunks-es_refractor_mjs_7d8504da._.js.map, debug id 62fe4f90-9ab9-4f88-3764-9b4b752bc0c4)
    ~/chunks/ssr/[root-of-the-server]__1c9a305f._.js (sourcemap at %5Broot-of-the-server%5D__1c9a305f._.js.map, debug id 1d73e575-7c1c-7af9-ae62-9e62553fdd59)
    ~/chunks/ssr/[root-of-the-server]__2f71375e._.js (sourcemap at %5Broot-of-the-server%5D__2f71375e._.js.map, debug id fbdc869c-98ea-2a73-3fb8-4761f93e9373)
    ~/chunks/ssr/[root-of-the-server]__421c5feb._.js (sourcemap at %5Broot-of-the-server%5D__421c5feb._.js.map, debug id 13695c7a-e6c4-f4ce-ffb4-cbc792bbc01f)
    ~/chunks/ssr/[root-of-the-server]__48ac7fed._.js (sourcemap at %5Broot-of-the-server%5D__48ac7fed._.js.map, debug id 6b6272ac-82cd-71a6-7aba-b9fb4a063554)
    ~/chunks/ssr/[root-of-the-server]__4968c9f9._.js (sourcemap at %5Broot-of-the-server%5D__4968c9f9._.js.map, debug id 7d4d119c-a23a-c230-d734-98b2b049d2aa)
    ~/chunks/ssr/[root-of-the-server]__4e5db7ae._.js (sourcemap at %5Broot-of-the-server%5D__4e5db7ae._.js.map, debug id 12beee8c-cded-e427-0ba0-02b1d3e75bb2)
    ~/chunks/ssr/[root-of-the-server]__693c1fc5._.js (sourcemap at %5Broot-of-the-server%5D__693c1fc5._.js.map, debug id 5e834aa3-7782-86e9-2edc-307862d8145a)
    ~/chunks/ssr/[root-of-the-server]__6cd24a9d._.js (sourcemap at %5Broot-of-the-server%5D__6cd24a9d._.js.map, debug id c29b12c4-25d9-aa43-de69-4d362d06c007)
    ~/chunks/ssr/[root-of-the-server]__80e22c9c._.js (sourcemap at %5Broot-of-the-server%5D__80e22c9c._.js.map, debug id 58a5b448-08d0-b94d-d859-d243d5ed337a)
    ~/chunks/ssr/[root-of-the-server]__8bba6c1f._.js (sourcemap at %5Broot-of-the-server%5D__8bba6c1f._.js.map, debug id e398f500-1912-6221-59e2-7cc75dea4e04)
    ~/chunks/ssr/[root-of-the-server]__a25c29fc._.js (sourcemap at %5Broot-of-the-server%5D__a25c29fc._.js.map, debug id d859faf6-d196-f788-7cd3-3c2be93d8fbc)
    ~/chunks/ssr/[root-of-the-server]__a4a8250d._.js (sourcemap at %5Broot-of-the-server%5D__a4a8250d._.js.map, debug id 93a70b58-da73-90cc-8131-adc7460d3cb4)
    ~/chunks/ssr/[root-of-the-server]__b1543468._.js (sourcemap at %5Broot-of-the-server%5D__b1543468._.js.map, debug id 3004b2c7-913d-7bf0-bc63-a94244e1aa4b)
    ~/chunks/ssr/[root-of-the-server]__b67ac07d._.js (sourcemap at %5Broot-of-the-server%5D__b67ac07d._.js.map, debug id 6b311d26-ded4-2f7e-e33c-af85a3640a3d)
    ~/chunks/ssr/[root-of-the-server]__b70871bc._.js (sourcemap at %5Broot-of-the-server%5D__b70871bc._.js.map, debug id e2ce9f3f-b1a8-95eb-27bb-33019791e860)
    ~/chunks/ssr/[root-of-the-server]__bd2ef7f5._.js (sourcemap at %5Broot-of-the-server%5D__bd2ef7f5._.js.map, debug id 9f8c1acd-c81b-02d4-8852-8ba19aea95a5)
    ~/chunks/ssr/[root-of-the-server]__bd40a4d5._.js (sourcemap at %5Broot-of-the-server%5D__bd40a4d5._.js.map, debug id 53ec6df1-8ad6-0c33-fbc8-6faad45a8676)
    ~/chunks/ssr/[root-of-the-server]__bf96b7f5._.js (sourcemap at %5Broot-of-the-server%5D__bf96b7f5._.js.map, debug id 73c52a42-3948-b924-337e-3044de5bee7d)
    ~/chunks/ssr/[root-of-the-server]__c18d92f6._.js (sourcemap at %5Broot-of-the-server%5D__c18d92f6._.js.map, debug id 45e174ef-1b0d-f686-2a1a-2effc2d01e28)
    ~/chunks/ssr/[root-of-the-server]__c4dbd82b._.js (sourcemap at %5Broot-of-the-server%5D__c4dbd82b._.js.map, debug id f482b409-fea9-fe29-af18-6c9450528236)
    ~/chunks/ssr/[root-of-the-server]__d080cb3d._.js (sourcemap at %5Broot-of-the-server%5D__d080cb3d._.js.map, debug id f44b0683-4a91-adce-3a05-75311618c8da)
    ~/chunks/ssr/[root-of-the-server]__d2790ddb._.js (sourcemap at %5Broot-of-the-server%5D__d2790ddb._.js.map, debug id ed279ae0-85cd-7c9e-a3ce-10824b43fa30)
    ~/chunks/ssr/[root-of-the-server]__da23c543._.js (sourcemap at %5Broot-of-the-server%5D__da23c543._.js.map, debug id 8d429bc0-ab2e-e783-975b-43d43cce79cd)
    ~/chunks/ssr/[root-of-the-server]__e7eed626._.js (sourcemap at %5Broot-of-the-server%5D__e7eed626._.js.map, debug id 6c2c41fa-1b16-d36d-c2e6-51838d4df3df)
    ~/chunks/ssr/[root-of-the-server]__ea81c135._.js (sourcemap at %5Broot-of-the-server%5D__ea81c135._.js.map, debug id 0b68d8ab-4280-32f7-1de7-fbfd948d9d86)
    ~/chunks/ssr/[root-of-the-server]__f1d33280._.js (sourcemap at %5Broot-of-the-server%5D__f1d33280._.js.map, debug id 5dceaec7-0c89-2336-2322-112b59a7e9ad)
    ~/chunks/ssr/[root-of-the-server]__f62d412e._.js (sourcemap at %5Broot-of-the-server%5D__f62d412e._.js.map, debug id 738185fa-e47a-b526-d16e-03c0e6def9f7)
    ~/chunks/ssr/[root-of-the-server]__fd1126c8._.js (sourcemap at %5Broot-of-the-server%5D__fd1126c8._.js.map, debug id 5415927b-0c9e-4ca0-27aa-91f96a9051e4)
    ~/chunks/ssr/[turbopack]_runtime.js (sourcemap at %5Bturbopack%5D_runtime.js.map)
    ~/chunks/ssr/_0c65a043._.js (sourcemap at _0c65a043._.js.map, debug id 37ed5e3b-ed9a-53e4-e78e-ad09df65addf)
    ~/chunks/ssr/_15ad4d81._.js (sourcemap at _15ad4d81._.js.map, debug id 72fab56d-e6b0-9045-f401-2554449c9af6)
    ~/chunks/ssr/_18227d4a._.js (sourcemap at _18227d4a._.js.map, debug id 4b756774-7be3-14f8-1b5f-432b798a352f)
    ~/chunks/ssr/_2163a677._.js (sourcemap at _2163a677._.js.map, debug id c9c7da77-64a2-19d0-b5ac-ef1b771366b9)
    ~/chunks/ssr/_3e2ac44e._.js (sourcemap at _3e2ac44e._.js.map, debug id 56f90310-8449-ae60-4f16-5d2f0cbd9c9c)
    ~/chunks/ssr/_47c43c0b._.js (sourcemap at _47c43c0b._.js.map, debug id 345900d3-03f8-2f83-0b6c-a95bbe5ffb83)
    ~/chunks/ssr/_4ed8d324._.js (sourcemap at _4ed8d324._.js.map, debug id 3e3fc0ce-658e-9f34-c697-9d5c51659e24)
    ~/chunks/ssr/_5d1c8547._.js (sourcemap at _5d1c8547._.js.map, debug id f9aec7f6-7347-2854-0848-0e29c58e4ba8)
    ~/chunks/ssr/_75504dfa._.js (sourcemap at _75504dfa._.js.map, debug id 74f346c6-b306-728e-61a7-5a501404d1ff)
    ~/chunks/ssr/_77b14bcf._.js (sourcemap at _77b14bcf._.js.map, debug id 5ae9134c-66a8-9fdf-e1b7-8eb5b8356e2d)
    ~/chunks/ssr/_8819e2f7._.js (sourcemap at _8819e2f7._.js.map, debug id a965fc14-394d-c83f-c639-bd7d4c05aa0f)
    ~/chunks/ssr/_96005058._.js (sourcemap at _96005058._.js.map, debug id 2455f26a-68bc-ad13-d8cd-b3b1ef6a6237)
    ~/chunks/ssr/_9a5a724e._.js (sourcemap at _9a5a724e._.js.map, debug id dfc0b821-267e-4d3e-da56-4fe3716b0ea0)
    ~/chunks/ssr/_bac4fe99._.js (sourcemap at _bac4fe99._.js.map, debug id fff0df38-6167-0066-1ab2-6302d2f8d538)
    ~/chunks/ssr/_bda26550._.js (sourcemap at _bda26550._.js.map, debug id 7dc021be-294e-5156-a07d-d2959e84b914)
    ~/chunks/ssr/_c5d3bd29._.js (sourcemap at _c5d3bd29._.js.map, debug id 08be6922-d520-c10a-b486-88fcde13b987)
    ~/chunks/ssr/_d5a8d3c8._.js (sourcemap at _d5a8d3c8._.js.map, debug id 8752b83d-8120-ca3e-1018-c5aedf88fc78)
    ~/chunks/ssr/_dd5a0792._.js (sourcemap at _dd5a0792._.js.map, debug id 344119a3-78bc-4fb1-c138-94a8b7609a73)
    ~/chunks/ssr/_next-internal_server_app__global-error_page_actions_75761787.js (sourcemap at _next-internal_server_app__global-error_page_actions_75761787.js.map, debug id 8b14a72b-d518-1c2b-3fa2-47cdf74323ad)
    ~/chunks/ssr/_next-internal_server_app__not-found_page_actions_554ec2bf.js (sourcemap at _next-internal_server_app__not-found_page_actions_554ec2bf.js.map, debug id 6449725e-fc81-0773-3853-ac691e723025)
    ~/chunks/ssr/_next-internal_server_app_blog_[slug]_page_actions_ec3909d7.js (sourcemap at _next-internal_server_app_blog_%5Bslug%5D_page_actions_ec3909d7.js.map, debug id d0927f2b-da5f-c48f-fad2-463547a4b3fb)
    ~/chunks/ssr/_next-internal_server_app_blog_page_actions_cb4aaadc.js (sourcemap at _next-internal_server_app_blog_page_actions_cb4aaadc.js.map, debug id e5737114-02c4-bfe3-d8d5-fe085f7ff810)
    ~/chunks/ssr/_next-internal_server_app_contact_page_actions_44e32ac3.js (sourcemap at _next-internal_server_app_contact_page_actions_44e32ac3.js.map, debug id 10c5b4ab-fd31-a918-55c2-31a00d15a571)
    ~/chunks/ssr/_next-internal_server_app_page_actions_39d4fc33.js (sourcemap at _next-internal_server_app_page_actions_39d4fc33.js.map, debug id 1d2df1ad-733c-35c8-e52b-2194ceecf45c)
    ~/chunks/ssr/_next-internal_server_app_portfolio_[slug]_page_actions_5652ee73.js (sourcemap at _next-internal_server_app_portfolio_%5Bslug%5D_page_actions_5652ee73.js.map, debug id c4990e70-20b4-b663-c059-b33921a700ba)
    ~/chunks/ssr/_next-internal_server_app_portfolio_page_actions_224c57fe.js (sourcemap at _next-internal_server_app_portfolio_page_actions_224c57fe.js.map, debug id f66ac810-7b0e-1a1d-38a2-8fb6b071c48e)
    ~/chunks/ssr/_next-internal_server_app_services_[slug]_page_actions_b82ea9bb.js (sourcemap at _next-internal_server_app_services_%5Bslug%5D_page_actions_b82ea9bb.js.map, debug id 0047f519-cf78-2f04-cbf5-390fe8171b2b)
    ~/chunks/ssr/_next-internal_server_app_studio_[[___tool]]_page_actions_ca39d42a.js (sourcemap at _next-internal_server_app_studio_%5B%5B___tool%5D%5D_page_actions_ca39d42a.js.map, debug id e604abfc-4156-2f94-354c-65a99f34e815)
    ~/chunks/ssr/a9bf9_@opentelemetry_resources_build_esm_detectors_platform_node_machine-id_0dd1d6f3._.js (sourcemap at a9bf9_%40opentelemetry_resources_build_esm_detectors_platform_node_machine-id_0dd1d6f3._.js.map, debug id d1583bfd-f709-c59d-18b8-aea5c0d75795)
    ~/chunks/ssr/a9bf9_@opentelemetry_resources_build_esm_detectors_platform_node_machine-id_49941087._.js (sourcemap at a9bf9_%40opentelemetry_resources_build_esm_detectors_platform_node_machine-id_49941087._.js.map, debug id 14bf2d33-adfc-aa51-1828-53a5dcc1d52b)
    ~/chunks/ssr/a9bf9_@opentelemetry_resources_build_esm_detectors_platform_node_machine-id_673d4da5._.js (sourcemap at a9bf9_%40opentelemetry_resources_build_esm_detectors_platform_node_machine-id_673d4da5._.js.map, debug id 25062897-c56e-11ea-8aa1-282137ef221d)
    ~/chunks/ssr/app_0524f57e._.js (sourcemap at app_0524f57e._.js.map, debug id f376ba5e-11ef-d050-d3bd-d5c0e60997d0)
    ~/chunks/ssr/app_contact_layout_tsx_9c17aaaf._.js (sourcemap at app_contact_layout_tsx_9c17aaaf._.js.map, debug id d1b5de1f-e6a6-c1f6-2da0-930745370b80)
    ~/chunks/ssr/app_global-error_tsx_9170b7a0._.js (sourcemap at app_global-error_tsx_9170b7a0._.js.map, debug id b7d85f7c-8fc4-12b7-1734-4d9c7aef6245)
    ~/chunks/ssr/app_page_tsx_55b2e5ee._.js (sourcemap at app_page_tsx_55b2e5ee._.js.map, debug id 2c5d5d02-578e-3de9-0e65-62039460d085)
    ~/chunks/ssr/app_portfolio_layout_tsx_b8120053._.js (sourcemap at app_portfolio_layout_tsx_b8120053._.js.map, debug id 8973c27f-1748-f7b4-1dbe-bfd4e8de2108)
    ~/chunks/ssr/ce3c5_@sanity_ui_dist__chunks-es_refractor_mjs_8264f585._.js (sourcemap at ce3c5_%40sanity_ui_dist__chunks-es_refractor_mjs_8264f585._.js.map, debug id d577c4b7-91bf-23c1-5e4f-dc3956dca1c4)
    ~/chunks/ssr/ce3c5_@sanity_ui_dist__chunks-es_refractor_mjs_ba9c4650._.js (sourcemap at ce3c5_%40sanity_ui_dist__chunks-es_refractor_mjs_ba9c4650._.js.map, debug id 2e662f0f-3b70-e213-ce87-7f7293246291)
    ~/chunks/ssr/ce3c5_c370d6b5._.js (sourcemap at ce3c5_c370d6b5._.js.map, debug id 4d98a2f7-2bcc-dd78-59b0-570e6d4d6d3f)
    ~/chunks/ssr/f72d6_@sanity_ui_dist__chunks-es_refractor_mjs_70eb1481._.js (sourcemap at f72d6_%40sanity_ui_dist__chunks-es_refractor_mjs_70eb1481._.js.map, debug id 5196e003-9c91-3aa7-bb3f-bcd9475bc2a7)
    ~/chunks/ssr/f72d6_@sanity_ui_dist__chunks-es_refractor_mjs_a6caa11d._.js (sourcemap at f72d6_%40sanity_ui_dist__chunks-es_refractor_mjs_a6caa11d._.js.map, debug id 0010ff7e-6403-2e34-59a7-8a8ebd993c4e)
    ~/chunks/ssr/node_modules_057bbef1._.js (sourcemap at node_modules_057bbef1._.js.map, debug id 4badfefc-95a2-5147-d6b6-bf3c8f7c671e)
    ~/chunks/ssr/node_modules_12a6f0ed._.js (sourcemap at node_modules_12a6f0ed._.js.map, debug id 7f033e69-0305-c7f4-b1e8-ca74e983456c)
    ~/chunks/ssr/node_modules_325a582f._.js (sourcemap at node_modules_325a582f._.js.map, debug id dcd217cc-3ee1-dc8f-10b1-c2518141f12d)
    ~/chunks/ssr/node_modules_38c577f3._.js (sourcemap at node_modules_38c577f3._.js.map, debug id d5661e1a-2a00-8456-d20a-22dd4c9ab793)
    ~/chunks/ssr/node_modules_4e3cd117._.js (sourcemap at node_modules_4e3cd117._.js.map, debug id 77abaeae-8e2c-45be-af69-1f83d5c62721)
    ~/chunks/ssr/node_modules_6705baeb._.js (sourcemap at node_modules_6705baeb._.js.map, debug id 7d325217-569c-911b-db0e-87155a0870f9)
    ~/chunks/ssr/node_modules_6c80ea70._.js (sourcemap at node_modules_6c80ea70._.js.map, debug id c4fac5a3-1b46-109a-090c-47279dd13715)
    ~/chunks/ssr/node_modules_727bf50e._.js (sourcemap at node_modules_727bf50e._.js.map, debug id 4e4b81f7-50bd-3bde-c708-817fe13931b9)
    ~/chunks/ssr/node_modules_7a118ca2._.js (sourcemap at node_modules_7a118ca2._.js.map, debug id d63d8aa3-8f59-6379-64be-7cd4edc9c529)
    ~/chunks/ssr/node_modules_97873acb._.js (sourcemap at node_modules_97873acb._.js.map, debug id 122dd792-3755-1417-efdc-b130f742bddc)
    ~/chunks/ssr/node_modules_@mux_mux-player-react_dist_index_mjs_0c91e5cf._.js (sourcemap at node_modules_%40mux_mux-player-react_dist_index_mjs_0c91e5cf._.js.map, debug id 4e4abfc5-efba-5537-b9b0-d51f6ea1c65d)
    ~/chunks/ssr/node_modules_@sanity_client_dist__chunks-es_a329a581._.js (sourcemap at node_modules_%40sanity_client_dist__chunks-es_a329a581._.js.map, debug id d3376ac8-708e-1f63-830f-32b44a68b528)
    ~/chunks/ssr/node_modules_@sanity_client_dist__chunks-es_stegaEncodeSourceMap_e91a1003.js (sourcemap at node_modules_%40sanity_client_dist__chunks-es_stegaEncodeSourceMap_e91a1003.js.map, debug id 7653e5cc-3c88-cbeb-8a1f-923ac6231829)
    ~/chunks/ssr/node_modules_@sanity_vision_lib__chunks-es_resources_89d6e572.js (sourcemap at node_modules_%40sanity_vision_lib__chunks-es_resources_89d6e572.js.map, debug id 0fd433ed-78d5-10a2-4968-f22114b8de24)
    ~/chunks/ssr/node_modules_eebcf799._.js (sourcemap at node_modules_eebcf799._.js.map, debug id 5a6dcc01-5dea-32e1-0e94-f532790fdb0b)
    ~/chunks/ssr/node_modules_f76a24fb._.js (sourcemap at node_modules_f76a24fb._.js.map, debug id 355c95ab-da5a-5c89-4e38-28f1c39babc8)
    ~/chunks/ssr/node_modules_framer-motion_dist_es_render_components_motion_proxy_mjs_b72b0714._.js (sourcemap at node_modules_framer-motion_dist_es_render_components_motion_proxy_mjs_b72b0714._.js.map, debug id 896d5e8d-2a6c-6b9c-fc3d-8ebf393b125e)
    ~/chunks/ssr/node_modules_next_920e7746._.js (sourcemap at node_modules_next_920e7746._.js.map, debug id 62dc2063-81a9-c744-f6f5-3f02d6fb3d8a)
    ~/chunks/ssr/node_modules_next_dist_023b6025._.js (sourcemap at node_modules_next_dist_023b6025._.js.map, debug id 315426e7-48e5-f52e-7d5e-0b05988904f4)
    ~/chunks/ssr/node_modules_next_dist_03ec2107._.js (sourcemap at node_modules_next_dist_03ec2107._.js.map, debug id ccb7d68e-823c-c613-e25f-cd1bd20bfc0e)
    ~/chunks/ssr/node_modules_next_dist_3ec8a574._.js (sourcemap at node_modules_next_dist_3ec8a574._.js.map, debug id 08f60d30-0366-1d47-b348-687f4cc77d60)
    ~/chunks/ssr/node_modules_next_dist_3f093838._.js (sourcemap at node_modules_next_dist_3f093838._.js.map, debug id 5b01c400-f9e3-5ce0-eda2-93406be6f504)
    ~/chunks/ssr/node_modules_next_dist_4b63a0e1._.js (sourcemap at node_modules_next_dist_4b63a0e1._.js.map, debug id 944669e6-e43d-c334-d936-c73014b179e1)
    ~/chunks/ssr/node_modules_next_dist_6517d17f._.js (sourcemap at node_modules_next_dist_6517d17f._.js.map, debug id 8194733d-3289-da32-1605-4aefcbb6dc26)
    ~/chunks/ssr/node_modules_next_dist_client_components_2fffaa3a._.js (sourcemap at node_modules_next_dist_client_components_2fffaa3a._.js.map, debug id fcfe1bfb-227d-ee12-54f3-5530ea7565ce)
    ~/chunks/ssr/node_modules_next_dist_client_components_builtin_unauthorized_15817684.js (sourcemap at node_modules_next_dist_client_components_builtin_unauthorized_15817684.js.map, debug id 340cea89-51a8-5dd6-8d4d-8184fba615a7)
    ~/chunks/ssr/node_modules_next_dist_esm_build_templates_app-page_8ef3e799.js (sourcemap at node_modules_next_dist_esm_build_templates_app-page_8ef3e799.js.map, debug id 28b048b1-c604-e81f-662f-f2d00ee0152e)
    ~/chunks/ssr/node_modules_next_dist_esm_eedfc1fd._.js (sourcemap at node_modules_next_dist_esm_eedfc1fd._.js.map, debug id 2ce02151-2729-2fc3-e8c8-14cda3bc9b5a)
    ~/chunks/ssr/node_modules_next_dist_f4d911c1._.js (sourcemap at node_modules_next_dist_f4d911c1._.js.map, debug id 4c76047e-2918-2c05-d32a-fc4b625691a4)
    ~/chunks/ssr/node_modules_next_dist_f5c9c49b._.js (sourcemap at node_modules_next_dist_f5c9c49b._.js.map, debug id 5489dedf-7671-90a4-e47e-2baec8b89c05)
    ~/chunks/ssr/node_modules_react-refractor_dist_index_56d6d7fe.js (sourcemap at node_modules_react-refractor_dist_index_56d6d7fe.js.map, debug id 9356e367-6815-3c71-a118-95620cd58f80)
    ~/chunks/ssr/node_modules_react-refractor_dist_index_a0db2d23.js (sourcemap at node_modules_react-refractor_dist_index_a0db2d23.js.map, debug id 22d55d5e-d863-f94d-ea38-5922e3246c4b)
    ~/chunks/ssr/node_modules_sanity_lib__chunks-es_ViteDevServerStopped_19e4360b.js (sourcemap at node_modules_sanity_lib__chunks-es_ViteDevServerStopped_19e4360b.js.map, debug id 4a2bc8d5-9f90-d97d-4951-1a279c33e050)
    ~/chunks/ssr/node_modules_sanity_lib__chunks-es_index2_cf447396.js (sourcemap at node_modules_sanity_lib__chunks-es_index2_cf447396.js.map, debug id 5b540858-bdf8-582a-46af-437eaf3daca9)
    ~/chunks/ssr/node_modules_sanity_lib__chunks-es_index3_cea8bd62.js (sourcemap at node_modules_sanity_lib__chunks-es_index3_cea8bd62.js.map, debug id d2401f63-5710-bed1-b029-e1926879d053)
    ~/chunks/ssr/node_modules_sanity_lib__chunks-es_index4_05dca6a7.js (sourcemap at node_modules_sanity_lib__chunks-es_index4_05dca6a7.js.map, debug id 1744a51a-25cc-c24b-8a8d-e32dd87f50d9)
    ~/chunks/ssr/node_modules_sanity_lib__chunks-es_pane_c1693350.js (sourcemap at node_modules_sanity_lib__chunks-es_pane_c1693350.js.map, debug id 6424cfed-a764-092f-b8fd-3b7acf20ee3f)
    ~/chunks/ssr/node_modules_sanity_lib__chunks-es_resources2_75b59d0c.js (sourcemap at node_modules_sanity_lib__chunks-es_resources2_75b59d0c.js.map, debug id cbb23c04-1847-a914-945d-d20b7cebe4ea)
    ~/chunks/ssr/node_modules_sanity_lib__chunks-es_resources2_faafc374.js (sourcemap at node_modules_sanity_lib__chunks-es_resources2_faafc374.js.map, debug id a3e2b2bb-a453-7978-e234-1a941888af8d)
    ~/chunks/ssr/node_modules_sanity_lib__chunks-es_resources3_20d3dbce.js (sourcemap at node_modules_sanity_lib__chunks-es_resources3_20d3dbce.js.map, debug id ec9d6fb2-d67d-d5fc-5911-d8e8ee3cb598)
    ~/chunks/ssr/node_modules_sanity_lib__chunks-es_resources4_acb3248d.js (sourcemap at node_modules_sanity_lib__chunks-es_resources4_acb3248d.js.map, debug id acf43af7-51e6-c5b5-390a-e2236420540f)
    ~/chunks/ssr/node_modules_sanity_lib__chunks-es_resources5_259d0d7f.js (sourcemap at node_modules_sanity_lib__chunks-es_resources5_259d0d7f.js.map, debug id 87491ee4-a3b2-2f97-0b55-1a931d7a033d)
    ~/chunks/ssr/node_modules_sanity_lib__chunks-es_resources6_71280cc0.js (sourcemap at node_modules_sanity_lib__chunks-es_resources6_71280cc0.js.map, debug id 2e0dc984-35ec-d136-53ec-c80ae90ce418)
    ~/chunks/ssr/node_modules_sanity_lib__chunks-es_resources6_aaf2c585.js (sourcemap at node_modules_sanity_lib__chunks-es_resources6_aaf2c585.js.map, debug id 2638701a-0790-79c6-bbf9-a04f4de161a9)
    ~/chunks/ssr/node_modules_sanity_lib__chunks-es_resources7_4c9adb1f.js (sourcemap at node_modules_sanity_lib__chunks-es_resources7_4c9adb1f.js.map, debug id cb73ef42-dde4-e2a3-5d19-c4835333ef3a)
    ~/chunks/ssr/node_modules_sanity_lib__chunks-es_resources_030fcd9b.js (sourcemap at node_modules_sanity_lib__chunks-es_resources_030fcd9b.js.map, debug id 3f28f438-5f64-c9e8-4a8c-8d732c6587b3)
    ~/edge/chunks/[root-of-the-server]__f1390a54._.js (sourcemap at %5Broot-of-the-server%5D__f1390a54._.js.map)
    ~/edge/chunks/_0727c437._.js (sourcemap at _0727c437._.js.map)
    ~/edge/chunks/node_modules_@sentry_f05d8265._.js (sourcemap at node_modules_%40sentry_f05d8265._.js.map)
    ~/edge/chunks/turbopack-node_modules_next_dist_esm_build_templates_edge-wrapper_b0bc9966.js (sourcemap at node_modules_next_dist_esm_build_templates_edge-wrapper_b0bc9966.js.map)
    ~/instrumentation.js (sourcemap at instrumentation.js.map)
  Source Maps
    ~/app/_global-error/page.js.map
    ~/app/_not-found/page.js.map
    ~/app/api/contact/route.js.map
    ~/app/blog/[slug]/page.js.map
    ~/app/blog/page.js.map
    ~/app/contact/page.js.map
    ~/app/page.js.map
    ~/app/portfolio/[slug]/page.js.map
    ~/app/portfolio/page.js.map
    ~/app/robots.txt/route.js.map
    ~/app/services/[slug]/page.js.map
    ~/app/sitemap.xml/route.js.map
    ~/app/studio/[[...tool]]/page.js.map
    ~/chunks/0bf35_build_esm_detectors_platform_node_machine-id_getMachineId-linux_716f33e7.js.map (debug id 671d503a-fd92-4071-ff84-4cecad9cbfa2)
    ~/chunks/0bf35_build_esm_detectors_platform_node_machine-id_getMachineId-unsupported_c71858a5.js.map (debug id 8a921b40-388b-2847-c890-1bb0bb995654)
    ~/chunks/[externals]__f1861de7._.js.map (debug id 2b6afe09-5f78-bd7c-9e36-e3abd0059792)
    ~/chunks/[root-of-the-server]__6863e0a8._.js.map (debug id 402618bb-156e-cd78-0051-a2216f3dc214)
    ~/chunks/[root-of-the-server]__71e0e3b9._.js.map (debug id 952408f4-23cf-9adf-20cb-c5bb93f25607)
    ~/chunks/[root-of-the-server]__a95ca77d._.js.map (debug id ca3c9110-fe1a-e401-e701-4e4da1af2a76)
    ~/chunks/[root-of-the-server]__bc0a3939._.js.map (debug id ba1b489c-9533-33c1-379d-3e1a9f1a9f90)
    ~/chunks/[root-of-the-server]__d39ddd72._.js.map (debug id 57acb121-a697-c133-0850-abe2af6526c5)
    ~/chunks/[turbopack]_runtime.js.map
    ~/chunks/_next-internal_server_app_api_contact_route_actions_0bce5875.js.map (debug id 0c6eddbc-24a7-e725-7896-2217865bbcf3)
    ~/chunks/_next-internal_server_app_robots_txt_route_actions_9118e90f.js.map (debug id 51931146-9fb3-cd98-e540-15c252cb6341)
    ~/chunks/_next-internal_server_app_sitemap_xml_route_actions_12658ace.js.map (debug id 5dd89965-00d8-7136-d953-7babf28b444b)
    ~/chunks/a9bf9_@opentelemetry_resources_build_esm_detectors_platform_node_machine-id_08771b3b._.js.map (debug id 8ad50a16-353d-2581-262b-587728b8fdac)
    ~/chunks/a9bf9_@opentelemetry_resources_build_esm_detectors_platform_node_machine-id_97a49b9d._.js.map (debug id e83a5b16-0a82-4089-6c68-9b6fda34d58b)
    ~/chunks/a9bf9_@opentelemetry_resources_build_esm_detectors_platform_node_machine-id_af02c639._.js.map (debug id 7265098a-671c-5289-46be-ff8d965bbe66)
    ~/chunks/node_modules_a2090ff5._.js.map (debug id 79d9ed29-c0d6-9ed2-2354-aaad39d70a29)
    ~/chunks/sentry_server_config_ts_8712b202._.js.map (debug id aadab837-b6b4-cab4-b7a5-014652c4c2b6)
    ~/chunks/ssr/0bf35_build_esm_detectors_platform_node_machine-id_getMachineId-linux_4784470b.js.map (debug id 8a434f0b-6376-3615-0e18-5a4830f3e7b7)
    ~/chunks/ssr/0bf35_build_esm_detectors_platform_node_machine-id_getMachineId-unsupported_715e656b.js.map (debug id 6c29bf3f-d8be-2af0-e500-d4c470873809)
    ~/chunks/ssr/8d667_@sanity_ui_dist__chunks-es_refractor_mjs_1416ce6a._.js.map (debug id b3f221ce-ae0f-c2a6-5ec5-7999e526e8ca)
    ~/chunks/ssr/8d667_@sanity_ui_dist__chunks-es_refractor_mjs_7d8504da._.js.map (debug id 62fe4f90-9ab9-4f88-3764-9b4b752bc0c4)
    ~/chunks/ssr/[root-of-the-server]__1c9a305f._.js.map (debug id 1d73e575-7c1c-7af9-ae62-9e62553fdd59)
    ~/chunks/ssr/[root-of-the-server]__2f71375e._.js.map (debug id fbdc869c-98ea-2a73-3fb8-4761f93e9373)
    ~/chunks/ssr/[root-of-the-server]__421c5feb._.js.map (debug id 13695c7a-e6c4-f4ce-ffb4-cbc792bbc01f)
    ~/chunks/ssr/[root-of-the-server]__48ac7fed._.js.map (debug id 6b6272ac-82cd-71a6-7aba-b9fb4a063554)
    ~/chunks/ssr/[root-of-the-server]__4968c9f9._.js.map (debug id 7d4d119c-a23a-c230-d734-98b2b049d2aa)
    ~/chunks/ssr/[root-of-the-server]__4e5db7ae._.js.map (debug id 12beee8c-cded-e427-0ba0-02b1d3e75bb2)
    ~/chunks/ssr/[root-of-the-server]__693c1fc5._.js.map (debug id 5e834aa3-7782-86e9-2edc-307862d8145a)
    ~/chunks/ssr/[root-of-the-server]__6cd24a9d._.js.map (debug id c29b12c4-25d9-aa43-de69-4d362d06c007)
    ~/chunks/ssr/[root-of-the-server]__80e22c9c._.js.map (debug id 58a5b448-08d0-b94d-d859-d243d5ed337a)
    ~/chunks/ssr/[root-of-the-server]__8bba6c1f._.js.map (debug id e398f500-1912-6221-59e2-7cc75dea4e04)
    ~/chunks/ssr/[root-of-the-server]__a25c29fc._.js.map (debug id d859faf6-d196-f788-7cd3-3c2be93d8fbc)
    ~/chunks/ssr/[root-of-the-server]__a4a8250d._.js.map (debug id 93a70b58-da73-90cc-8131-adc7460d3cb4)
    ~/chunks/ssr/[root-of-the-server]__b1543468._.js.map (debug id 3004b2c7-913d-7bf0-bc63-a94244e1aa4b)
    ~/chunks/ssr/[root-of-the-server]__b67ac07d._.js.map (debug id 6b311d26-ded4-2f7e-e33c-af85a3640a3d)
    ~/chunks/ssr/[root-of-the-server]__b70871bc._.js.map (debug id e2ce9f3f-b1a8-95eb-27bb-33019791e860)
    ~/chunks/ssr/[root-of-the-server]__bd2ef7f5._.js.map (debug id 9f8c1acd-c81b-02d4-8852-8ba19aea95a5)
    ~/chunks/ssr/[root-of-the-server]__bd40a4d5._.js.map (debug id 53ec6df1-8ad6-0c33-fbc8-6faad45a8676)
    ~/chunks/ssr/[root-of-the-server]__bf96b7f5._.js.map (debug id 73c52a42-3948-b924-337e-3044de5bee7d)
    ~/chunks/ssr/[root-of-the-server]__c18d92f6._.js.map (debug id 45e174ef-1b0d-f686-2a1a-2effc2d01e28)
    ~/chunks/ssr/[root-of-the-server]__c4dbd82b._.js.map (debug id f482b409-fea9-fe29-af18-6c9450528236)
    ~/chunks/ssr/[root-of-the-server]__d080cb3d._.js.map (debug id f44b0683-4a91-adce-3a05-75311618c8da)
    ~/chunks/ssr/[root-of-the-server]__d2790ddb._.js.map (debug id ed279ae0-85cd-7c9e-a3ce-10824b43fa30)
    ~/chunks/ssr/[root-of-the-server]__da23c543._.js.map (debug id 8d429bc0-ab2e-e783-975b-43d43cce79cd)
    ~/chunks/ssr/[root-of-the-server]__e7eed626._.js.map (debug id 6c2c41fa-1b16-d36d-c2e6-51838d4df3df)
    ~/chunks/ssr/[root-of-the-server]__ea81c135._.js.map (debug id 0b68d8ab-4280-32f7-1de7-fbfd948d9d86)
    ~/chunks/ssr/[root-of-the-server]__f1d33280._.js.map (debug id 5dceaec7-0c89-2336-2322-112b59a7e9ad)
    ~/chunks/ssr/[root-of-the-server]__f62d412e._.js.map (debug id 738185fa-e47a-b526-d16e-03c0e6def9f7)
    ~/chunks/ssr/[root-of-the-server]__fd1126c8._.js.map (debug id 5415927b-0c9e-4ca0-27aa-91f96a9051e4)
    ~/chunks/ssr/[turbopack]_runtime.js.map
    ~/chunks/ssr/_0c65a043._.js.map (debug id 37ed5e3b-ed9a-53e4-e78e-ad09df65addf)
    ~/chunks/ssr/_15ad4d81._.js.map (debug id 72fab56d-e6b0-9045-f401-2554449c9af6)
    ~/chunks/ssr/_18227d4a._.js.map (debug id 4b756774-7be3-14f8-1b5f-432b798a352f)
    ~/chunks/ssr/_2163a677._.js.map (debug id c9c7da77-64a2-19d0-b5ac-ef1b771366b9)
    ~/chunks/ssr/_3e2ac44e._.js.map (debug id 56f90310-8449-ae60-4f16-5d2f0cbd9c9c)
    ~/chunks/ssr/_47c43c0b._.js.map (debug id 345900d3-03f8-2f83-0b6c-a95bbe5ffb83)
    ~/chunks/ssr/_4ed8d324._.js.map (debug id 3e3fc0ce-658e-9f34-c697-9d5c51659e24)
    ~/chunks/ssr/_5d1c8547._.js.map (debug id f9aec7f6-7347-2854-0848-0e29c58e4ba8)
    ~/chunks/ssr/_75504dfa._.js.map (debug id 74f346c6-b306-728e-61a7-5a501404d1ff)
    ~/chunks/ssr/_77b14bcf._.js.map (debug id 5ae9134c-66a8-9fdf-e1b7-8eb5b8356e2d)
    ~/chunks/ssr/_8819e2f7._.js.map (debug id a965fc14-394d-c83f-c639-bd7d4c05aa0f)
    ~/chunks/ssr/_96005058._.js.map (debug id 2455f26a-68bc-ad13-d8cd-b3b1ef6a6237)
    ~/chunks/ssr/_9a5a724e._.js.map (debug id dfc0b821-267e-4d3e-da56-4fe3716b0ea0)
    ~/chunks/ssr/_bac4fe99._.js.map (debug id fff0df38-6167-0066-1ab2-6302d2f8d538)
    ~/chunks/ssr/_bda26550._.js.map (debug id 7dc021be-294e-5156-a07d-d2959e84b914)
    ~/chunks/ssr/_c5d3bd29._.js.map (debug id 08be6922-d520-c10a-b486-88fcde13b987)
    ~/chunks/ssr/_d5a8d3c8._.js.map (debug id 8752b83d-8120-ca3e-1018-c5aedf88fc78)
    ~/chunks/ssr/_dd5a0792._.js.map (debug id 344119a3-78bc-4fb1-c138-94a8b7609a73)
    ~/chunks/ssr/_next-internal_server_app__global-error_page_actions_75761787.js.map (debug id 8b14a72b-d518-1c2b-3fa2-47cdf74323ad)
    ~/chunks/ssr/_next-internal_server_app__not-found_page_actions_554ec2bf.js.map (debug id 6449725e-fc81-0773-3853-ac691e723025)
    ~/chunks/ssr/_next-internal_server_app_blog_[slug]_page_actions_ec3909d7.js.map (debug id d0927f2b-da5f-c48f-fad2-463547a4b3fb)
    ~/chunks/ssr/_next-internal_server_app_blog_page_actions_cb4aaadc.js.map (debug id e5737114-02c4-bfe3-d8d5-fe085f7ff810)
    ~/chunks/ssr/_next-internal_server_app_contact_page_actions_44e32ac3.js.map (debug id 10c5b4ab-fd31-a918-55c2-31a00d15a571)
    ~/chunks/ssr/_next-internal_server_app_page_actions_39d4fc33.js.map (debug id 1d2df1ad-733c-35c8-e52b-2194ceecf45c)
    ~/chunks/ssr/_next-internal_server_app_portfolio_[slug]_page_actions_5652ee73.js.map (debug id c4990e70-20b4-b663-c059-b33921a700ba)
    ~/chunks/ssr/_next-internal_server_app_portfolio_page_actions_224c57fe.js.map (debug id f66ac810-7b0e-1a1d-38a2-8fb6b071c48e)
    ~/chunks/ssr/_next-internal_server_app_services_[slug]_page_actions_b82ea9bb.js.map (debug id 0047f519-cf78-2f04-cbf5-390fe8171b2b)
    ~/chunks/ssr/_next-internal_server_app_studio_[[___tool]]_page_actions_ca39d42a.js.map (debug id e604abfc-4156-2f94-354c-65a99f34e815)
    ~/chunks/ssr/a9bf9_@opentelemetry_resources_build_esm_detectors_platform_node_machine-id_0dd1d6f3._.js.map (debug id d1583bfd-f709-c59d-18b8-aea5c0d75795)
    ~/chunks/ssr/a9bf9_@opentelemetry_resources_build_esm_detectors_platform_node_machine-id_49941087._.js.map (debug id 14bf2d33-adfc-aa51-1828-53a5dcc1d52b)
    ~/chunks/ssr/a9bf9_@opentelemetry_resources_build_esm_detectors_platform_node_machine-id_673d4da5._.js.map (debug id 25062897-c56e-11ea-8aa1-282137ef221d)
    ~/chunks/ssr/app_0524f57e._.js.map (debug id f376ba5e-11ef-d050-d3bd-d5c0e60997d0)
    ~/chunks/ssr/app_contact_layout_tsx_9c17aaaf._.js.map (debug id d1b5de1f-e6a6-c1f6-2da0-930745370b80)
    ~/chunks/ssr/app_global-error_tsx_9170b7a0._.js.map (debug id b7d85f7c-8fc4-12b7-1734-4d9c7aef6245)
    ~/chunks/ssr/app_page_tsx_55b2e5ee._.js.map (debug id 2c5d5d02-578e-3de9-0e65-62039460d085)
    ~/chunks/ssr/app_portfolio_layout_tsx_b8120053._.js.map (debug id 8973c27f-1748-f7b4-1dbe-bfd4e8de2108)
    ~/chunks/ssr/ce3c5_@sanity_ui_dist__chunks-es_refractor_mjs_8264f585._.js.map (debug id d577c4b7-91bf-23c1-5e4f-dc3956dca1c4)
    ~/chunks/ssr/ce3c5_@sanity_ui_dist__chunks-es_refractor_mjs_ba9c4650._.js.map (debug id 2e662f0f-3b70-e213-ce87-7f7293246291)
    ~/chunks/ssr/ce3c5_c370d6b5._.js.map (debug id 4d98a2f7-2bcc-dd78-59b0-570e6d4d6d3f)
    ~/chunks/ssr/f72d6_@sanity_ui_dist__chunks-es_refractor_mjs_70eb1481._.js.map (debug id 5196e003-9c91-3aa7-bb3f-bcd9475bc2a7)
    ~/chunks/ssr/f72d6_@sanity_ui_dist__chunks-es_refractor_mjs_a6caa11d._.js.map (debug id 0010ff7e-6403-2e34-59a7-8a8ebd993c4e)
    ~/chunks/ssr/node_modules_057bbef1._.js.map (debug id 4badfefc-95a2-5147-d6b6-bf3c8f7c671e)
    ~/chunks/ssr/node_modules_12a6f0ed._.js.map (debug id 7f033e69-0305-c7f4-b1e8-ca74e983456c)
    ~/chunks/ssr/node_modules_325a582f._.js.map (debug id dcd217cc-3ee1-dc8f-10b1-c2518141f12d)
    ~/chunks/ssr/node_modules_38c577f3._.js.map (debug id d5661e1a-2a00-8456-d20a-22dd4c9ab793)
    ~/chunks/ssr/node_modules_4e3cd117._.js.map (debug id 77abaeae-8e2c-45be-af69-1f83d5c62721)
    ~/chunks/ssr/node_modules_6705baeb._.js.map (debug id 7d325217-569c-911b-db0e-87155a0870f9)
    ~/chunks/ssr/node_modules_6c80ea70._.js.map (debug id c4fac5a3-1b46-109a-090c-47279dd13715)
    ~/chunks/ssr/node_modules_727bf50e._.js.map (debug id 4e4b81f7-50bd-3bde-c708-817fe13931b9)
    ~/chunks/ssr/node_modules_7a118ca2._.js.map (debug id d63d8aa3-8f59-6379-64be-7cd4edc9c529)
    ~/chunks/ssr/node_modules_97873acb._.js.map (debug id 122dd792-3755-1417-efdc-b130f742bddc)
    ~/chunks/ssr/node_modules_@mux_mux-player-react_dist_index_mjs_0c91e5cf._.js.map (debug id 4e4abfc5-efba-5537-b9b0-d51f6ea1c65d)
    ~/chunks/ssr/node_modules_@sanity_client_dist__chunks-es_a329a581._.js.map (debug id d3376ac8-708e-1f63-830f-32b44a68b528)
    ~/chunks/ssr/node_modules_@sanity_client_dist__chunks-es_stegaEncodeSourceMap_e91a1003.js.map (debug id 7653e5cc-3c88-cbeb-8a1f-923ac6231829)
    ~/chunks/ssr/node_modules_@sanity_vision_lib__chunks-es_resources_89d6e572.js.map (debug id 0fd433ed-78d5-10a2-4968-f22114b8de24)
    ~/chunks/ssr/node_modules_eebcf799._.js.map (debug id 5a6dcc01-5dea-32e1-0e94-f532790fdb0b)
    ~/chunks/ssr/node_modules_f76a24fb._.js.map (debug id 355c95ab-da5a-5c89-4e38-28f1c39babc8)
    ~/chunks/ssr/node_modules_framer-motion_dist_es_render_components_motion_proxy_mjs_b72b0714._.js.map (debug id 896d5e8d-2a6c-6b9c-fc3d-8ebf393b125e)
    ~/chunks/ssr/node_modules_next_920e7746._.js.map (debug id 62dc2063-81a9-c744-f6f5-3f02d6fb3d8a)
    ~/chunks/ssr/node_modules_next_dist_023b6025._.js.map (debug id 315426e7-48e5-f52e-7d5e-0b05988904f4)
    ~/chunks/ssr/node_modules_next_dist_03ec2107._.js.map (debug id ccb7d68e-823c-c613-e25f-cd1bd20bfc0e)
    ~/chunks/ssr/node_modules_next_dist_3ec8a574._.js.map (debug id 08f60d30-0366-1d47-b348-687f4cc77d60)
    ~/chunks/ssr/node_modules_next_dist_3f093838._.js.map (debug id 5b01c400-f9e3-5ce0-eda2-93406be6f504)
    ~/chunks/ssr/node_modules_next_dist_4b63a0e1._.js.map (debug id 944669e6-e43d-c334-d936-c73014b179e1)
    ~/chunks/ssr/node_modules_next_dist_6517d17f._.js.map (debug id 8194733d-3289-da32-1605-4aefcbb6dc26)
    ~/chunks/ssr/node_modules_next_dist_client_components_2fffaa3a._.js.map (debug id fcfe1bfb-227d-ee12-54f3-5530ea7565ce)
    ~/chunks/ssr/node_modules_next_dist_client_components_builtin_unauthorized_15817684.js.map (debug id 340cea89-51a8-5dd6-8d4d-8184fba615a7)
    ~/chunks/ssr/node_modules_next_dist_esm_build_templates_app-page_8ef3e799.js.map (debug id 28b048b1-c604-e81f-662f-f2d00ee0152e)
    ~/chunks/ssr/node_modules_next_dist_esm_eedfc1fd._.js.map (debug id 2ce02151-2729-2fc3-e8c8-14cda3bc9b5a)
    ~/chunks/ssr/node_modules_next_dist_f4d911c1._.js.map (debug id 4c76047e-2918-2c05-d32a-fc4b625691a4)
    ~/chunks/ssr/node_modules_next_dist_f5c9c49b._.js.map (debug id 5489dedf-7671-90a4-e47e-2baec8b89c05)
    ~/chunks/ssr/node_modules_react-refractor_dist_index_56d6d7fe.js.map (debug id 9356e367-6815-3c71-a118-95620cd58f80)
    ~/chunks/ssr/node_modules_react-refractor_dist_index_a0db2d23.js.map (debug id 22d55d5e-d863-f94d-ea38-5922e3246c4b)
    ~/chunks/ssr/node_modules_sanity_lib__chunks-es_ViteDevServerStopped_19e4360b.js.map (debug id 4a2bc8d5-9f90-d97d-4951-1a279c33e050)
    ~/chunks/ssr/node_modules_sanity_lib__chunks-es_index2_cf447396.js.map (debug id 5b540858-bdf8-582a-46af-437eaf3daca9)
    ~/chunks/ssr/node_modules_sanity_lib__chunks-es_index3_cea8bd62.js.map (debug id d2401f63-5710-bed1-b029-e1926879d053)
    ~/chunks/ssr/node_modules_sanity_lib__chunks-es_index4_05dca6a7.js.map (debug id 1744a51a-25cc-c24b-8a8d-e32dd87f50d9)
    ~/chunks/ssr/node_modules_sanity_lib__chunks-es_pane_c1693350.js.map (debug id 6424cfed-a764-092f-b8fd-3b7acf20ee3f)
    ~/chunks/ssr/node_modules_sanity_lib__chunks-es_resources2_75b59d0c.js.map (debug id cbb23c04-1847-a914-945d-d20b7cebe4ea)
    ~/chunks/ssr/node_modules_sanity_lib__chunks-es_resources2_faafc374.js.map (debug id a3e2b2bb-a453-7978-e234-1a941888af8d)
    ~/chunks/ssr/node_modules_sanity_lib__chunks-es_resources3_20d3dbce.js.map (debug id ec9d6fb2-d67d-d5fc-5911-d8e8ee3cb598)
    ~/chunks/ssr/node_modules_sanity_lib__chunks-es_resources4_acb3248d.js.map (debug id acf43af7-51e6-c5b5-390a-e2236420540f)
    ~/chunks/ssr/node_modules_sanity_lib__chunks-es_resources5_259d0d7f.js.map (debug id 87491ee4-a3b2-2f97-0b55-1a931d7a033d)
    ~/chunks/ssr/node_modules_sanity_lib__chunks-es_resources6_71280cc0.js.map (debug id 2e0dc984-35ec-d136-53ec-c80ae90ce418)
    ~/chunks/ssr/node_modules_sanity_lib__chunks-es_resources6_aaf2c585.js.map (debug id 2638701a-0790-79c6-bbf9-a04f4de161a9)
    ~/chunks/ssr/node_modules_sanity_lib__chunks-es_resources7_4c9adb1f.js.map (debug id cb73ef42-dde4-e2a3-5d19-c4835333ef3a)
    ~/chunks/ssr/node_modules_sanity_lib__chunks-es_resources_030fcd9b.js.map (debug id 3f28f438-5f64-c9e8-4a8c-8d732c6587b3)
    ~/edge/chunks/[root-of-the-server]__f1390a54._.js.map
    ~/edge/chunks/_0727c437._.js.map
    ~/edge/chunks/node_modules_@sentry_f05d8265._.js.map
    ~/edge/chunks/node_modules_next_dist_esm_build_templates_edge-wrapper_b0bc9966.js.map
    ~/instrumentation.js.map
[@sentry/nextjs - After Production Compile] Info: Successfully uploaded source maps to Sentry
Γ£ô Completed runAfterProductionCompile in 45913ms
  Running TypeScript ...
  Collecting page data using 11 workers ...
The default export of @sanity/image-url has been deprecated. Use the named export `createImageUrlBuilder` instead.
The default export of @sanity/image-url has been deprecated. Use the named export `createImageUrlBuilder` instead.
Error: Failed to collect configuration for /studio/[[...tool]]
    at ignore-listed frames {
  [cause]: TypeError: (0 , bY.createContext) is not a function
      at instantiateModule (D:\Harsh\Projects\Websites\Toasted_media\toasted-media\.next\server\chunks\ssr\[turbopack]_runtime.js:740:9)
      at getOrInstantiateModuleFromParent (D:\Harsh\Projects\Websites\Toasted_media\toasted-media\.next\server\chunks\ssr\[turbopack]_runtime.js:763:12)
      at Context.esmImport [as i] (D:\Harsh\Projects\Websites\Toasted_media\toasted-media\.next\server\chunks\ssr\[turbopack]_runtime.js:228:20)
      at module evaluation (D:\Harsh\Projects\Websites\Toasted_media\toasted-media\.next\server\chunks\ssr\[root-of-the-server]__bd40a4d5._.js:2:13605)
      at instantiateModule (D:\Harsh\Projects\Websites\Toasted_media\toasted-media\.next\server\chunks\ssr\[turbopack]_runtime.js:740:9)
      at getOrInstantiateModuleFromParent (D:\Harsh\Projects\Websites\Toasted_media\toasted-media\.next\server\chunks\ssr\[turbopack]_runtime.js:763:12)
      at Context.esmImport [as i] (D:\Harsh\Projects\Websites\Toasted_media\toasted-media\.next\server\chunks\ssr\[turbopack]_runtime.js:228:20)
      at module evaluation (D:\Harsh\Projects\Websites\Toasted_media\toasted-media\.next\server\chunks\ssr\_8819e2f7._.js:2:34)
}

> Build error occurred
Error: Failed to collect page data for /studio/[[...tool]]
    at ignore-listed frames {
  type: 'Error'
}
